// Jest Snapshot v1, https://goo.gl/fbAQLP

exports[`renderers correctly 1`] = `
<View
  style={
    Object {
      "flex": 1,
      "justifyContent": "center",
      "margin": 7,
    }
  }
>
  <TextInput
    allowFontScaling={true}
    onChangeText={[Function]}
    placeholder="Search Here"
    style={
      Object {
        "backgroundColor": "#FFFFFF",
        "borderColor": "#009688",
        "borderRadius": 7,
        "borderWidth": 1,
        "height": 40,
        "textAlign": "center",
      }
    }
    underlineColorAndroid="transparent"
    value=""
  />
  <SortableListView
    data={
      Array [
        Object {
          "description": "Calclate momentum",
          "equation": "p = m * v",
          "expressions": Array [
            "*",
          ],
          "id": 0,
          "name": "Momentum",
          "parameters": Array [
            Object {
              "value": "1",
              "var": "m",
            },
            Object {
              "value": "2",
              "var": "v",
            },
          ],
        },
        Object {
          "description": "May the force be with you",
          "equation": "F = dp * dt / dv",
          "expressions": Array [
            "*",
            "/",
          ],
          "id": 1,
          "name": "Force",
          "parameters": Array [
            Object {
              "value": "3",
              "var": "dp",
            },
            Object {
              "value": "4",
              "var": "dt",
            },
            Object {
              "value": "5",
              "var": "dv",
            },
          ],
        },
        Object {
          "description": "Instantaneous Currnet Mass of rocket (kg)",
          "equation": "M = P * A",
          "expressions": Array [
            "*",
          ],
          "id": 2,
          "name": "CurrnetMass",
          "parameters": Array [
            Object {
              "value": "1710000",
              "var": "P",
            },
            Object {
              "value": "0.9",
              "var": "A",
            },
          ],
        },
        Object {
          "description": "Rocket Exhaust Velocity (m/s)",
          "equation": "Ve = G0 * ISP",
          "expressions": Array [
            "*",
          ],
          "id": 3,
          "name": "ExhaustVelocity",
          "parameters": Array [
            Object {
              "value": "9.81",
              "var": "G0",
            },
            Object {
              "value": "3600",
              "var": "A",
            },
          ],
        },
        Object {
          "description": "Mass of rocket with full propellant tanks (kg)",
          "equation": "Mw = Mp + Mps + Ms + Mpf",
          "expressions": Array [
            "+",
            "+",
            "+",
          ],
          "id": 4,
          "name": "WetMass",
          "parameters": Array [
            Object {
              "value": "50000",
              "var": "Mp",
            },
            Object {
              "value": "30000",
              "var": "Mps",
            },
            Object {
              "value": "300000",
              "var": "Ms",
            },
            Object {
              "value": "60000",
              "var": "Mpf",
            },
          ],
        },
        Object {
          "description": "The maximum mass of propellant the tanks can hold (kg)",
          "equation": "Mp = (R-1) * Me",
          "expressions": Array [
            "-",
            "*",
          ],
          "id": 5,
          "name": "PropellantMassFull",
          "parameters": Array [
            Object {
              "value": "2.5",
              "var": "R",
            },
            Object {
              "value": "60000",
              "var": "Me",
            },
          ],
        },
        Object {
          "description": "Ratio of rocket wet mass to rocket dry mass (kg)",
          "equation": "R = M / Me",
          "expressions": Array [
            "/",
          ],
          "id": 6,
          "name": "MassRatio",
          "parameters": Array [
            Object {
              "value": "75000",
              "var": "M",
            },
            Object {
              "value": "60000",
              "var": "Me",
            },
          ],
        },
        Object {
          "description": "Test",
          "equation": "E = m + c - t",
          "expressions": Array [
            "+",
            "-",
          ],
          "id": 7,
          "name": "Test1",
          "parameters": Array [
            Object {
              "value": "6",
              "var": "m",
            },
            Object {
              "value": "7",
              "var": "c",
            },
            Object {
              "value": "8",
              "var": "t",
            },
          ],
        },
        Object {
          "description": "Test",
          "equation": "E = m * 2",
          "expressions": Array [
            "* 2",
          ],
          "id": 8,
          "name": "Test2",
          "parameters": Array [
            Object {
              "value": "9",
              "var": "m",
            },
          ],
        },
      ]
    }
    disableSorting={true}
    onRowMoved={[Function]}
    order={null}
    renderRow={[Function]}
    style={
      Object {
        "flex": 1,
      }
    }
  />
</View>
`;
