// Jest Snapshot v1, https://goo.gl/fbAQLP

exports[`renderers correctly 1`] = `
<View
  style={
    Object {
      "flex": 1,
      "justifyContent": "center",
      "margin": 7,
    }
  }
>
  <TextInput
    allowFontScaling={true}
    onChangeText={[Function]}
    placeholder="Search Here"
    style={
      Object {
        "backgroundColor": "#FFFFFF",
        "borderColor": "#009688",
        "borderRadius": 7,
        "borderWidth": 1,
        "height": 40,
        "textAlign": "center",
      }
    }
    underlineColorAndroid="transparent"
    value=""
  />
  <SortableListView
    data={Array []}
    disableSorting={false}
    onRowMoved={[Function]}
    order={null}
    renderRow={[Function]}
    style={
      Object {
        "flex": 1,
      }
    }
  />
</View>
`;
