// Jest Snapshot v1, https://goo.gl/fbAQLP

exports[`renderers correctly 1`] = `
<View>
  <View
    style={
      Array [
        Object {
          "backgroundColor": "#ffffff",
          "borderColor": "#bbb",
          "borderTopWidth": 1,
          "marginTop": 20,
        },
        Object {
          "borderBottomWidth": 0,
          "borderTopWidth": 0,
          "height": 1334,
          "marginTop": 0,
        },
      ]
    }
  >
    <RCTScrollView
      ItemSeparatorComponent={[Function]}
      data={
        Array [
          Object {
            "description": "Calclate momentum",
            "equation": "p = m * v",
            "expressions": Array [
              "*",
            ],
            "id": 0,
            "name": "Momentum",
            "parameters": Array [
              Object {
                "value": "1",
                "var": "m",
              },
              Object {
                "value": "2",
                "var": "v",
              },
            ],
          },
          Object {
            "description": "May the force be with you",
            "equation": "F = dp * dt / dv",
            "expressions": Array [
              "*",
              "/",
            ],
            "id": 1,
            "name": "Force",
            "parameters": Array [
              Object {
                "value": "3",
                "var": "dp",
              },
              Object {
                "value": "4",
                "var": "dt",
              },
              Object {
                "value": "5",
                "var": "dv",
              },
            ],
          },
          Object {
            "description": "Test",
            "equation": "E = m + c - t",
            "expressions": Array [
              "+",
              "-",
            ],
            "id": 2,
            "name": "Test1",
            "parameters": Array [
              Object {
                "value": "6",
                "var": "m",
              },
              Object {
                "value": "7",
                "var": "c",
              },
              Object {
                "value": "8",
                "var": "t",
              },
            ],
          },
          Object {
            "description": "Test",
            "equation": "E = m * 2",
            "expressions": Array [
              "* 2",
            ],
            "id": 3,
            "name": "Test2",
            "parameters": Array [
              Object {
                "value": "9",
                "var": "m",
              },
            ],
          },
        ]
      }
      disableVirtualization={false}
      getItem={[Function]}
      getItemCount={[Function]}
      horizontal={false}
      initialNumToRender={10}
      keyExtractor={[Function]}
      maxToRenderPerBatch={10}
      numColumns={1}
      onContentSizeChange={[Function]}
      onEndReachedThreshold={2}
      onLayout={[Function]}
      onMomentumScrollEnd={[Function]}
      onScroll={[Function]}
      onScrollBeginDrag={[Function]}
      onScrollEndDrag={[Function]}
      renderItem={[Function]}
      scrollEventThrottle={50}
      stickyHeaderIndices={Array []}
      updateCellsBatchingPeriod={50}
      viewabilityConfigCallbackPairs={Array []}
      windowSize={21}
    >
      <View>
        <View
          onLayout={[Function]}
          style={null}
        >
          <View
            accessibilityComponentType={undefined}
            accessibilityLabel={undefined}
            accessibilityTraits={undefined}
            accessible={true}
            hasTVPreferredFocus={undefined}
            hitSlop={undefined}
            isTVSelectable={true}
            nativeID={undefined}
            onLayout={undefined}
            onResponderGrant={[Function]}
            onResponderMove={[Function]}
            onResponderRelease={[Function]}
            onResponderTerminate={[Function]}
            onResponderTerminationRequest={[Function]}
            onStartShouldSetResponder={[Function]}
            style={
              Array [
                Object {
                  "backgroundColor": "transparent",
                  "borderBottomColor": "#bbb",
                  "borderBottomWidth": 1,
                  "paddingBottom": 10,
                  "paddingRight": 10,
                  "paddingTop": 10,
                },
                Object {
                  "borderBottomWidth": 0,
                },
                false,
                false,
              ]
            }
            testID={undefined}
            tvParallaxProperties={undefined}
          >
            <View
              style={
                Array [
                  Object {
                    "alignItems": "center",
                    "flexDirection": "row",
                    "marginLeft": 10,
                  },
                  undefined,
                ]
              }
            >
              <View
                style={
                  Object {
                    "flex": 1,
                    "justifyContent": "center",
                  }
                }
              >
                <View
                  style={undefined}
                >
                  <Text
                    accessible={true}
                    allowFontScaling={true}
                    ellipsizeMode="tail"
                    numberOfLines={1}
                    style={
                      Array [
                        Object {},
                        undefined,
                        undefined,
                        undefined,
                        undefined,
                        undefined,
                        undefined,
                        undefined,
                        undefined,
                        undefined,
                        Array [
                          Object {
                            "color": "#43484d",
                            "fontSize": 17.5,
                          },
                          Object {
                            "marginLeft": 10,
                          },
                          Object {
                            "fontSize": 30,
                            "paddingBottom": 10,
                            "paddingTop": 10,
                          },
                          undefined,
                        ],
                      ]
                    }
                  >
                    Momentum
                  </Text>
                </View>
                <View
                  style={undefined}
                >
                  <Text
                    accessible={true}
                    allowFontScaling={true}
                    ellipsizeMode="tail"
                    numberOfLines={1}
                    style={
                      Array [
                        Object {},
                        undefined,
                        undefined,
                        undefined,
                        undefined,
                        undefined,
                        undefined,
                        undefined,
                        undefined,
                        undefined,
                        Array [
                          Object {
                            "color": "#86939e",
                            "fontSize": 15,
                            "fontWeight": "600",
                            "marginTop": 1,
                          },
                          Object {
                            "marginLeft": 10,
                          },
                          Object {
                            "fontSize": 24,
                          },
                          undefined,
                        ],
                      ]
                    }
                  >
                    p = m * v
                  </Text>
                </View>
              </View>
              <View
                accessibilityComponentType={undefined}
                accessibilityLabel={undefined}
                accessibilityTraits={undefined}
                accessible={true}
                collapsable={undefined}
                hasTVPreferredFocus={undefined}
                hitSlop={undefined}
                isTVSelectable={true}
                nativeID={undefined}
                onLayout={undefined}
                onResponderGrant={[Function]}
                onResponderMove={[Function]}
                onResponderRelease={[Function]}
                onResponderTerminate={[Function]}
                onResponderTerminationRequest={[Function]}
                onStartShouldSetResponder={[Function]}
                style={
                  Object {
                    "alignItems": "flex-end",
                    "justifyContent": "center",
                    "opacity": 1,
                  }
                }
                testID={undefined}
                tvParallaxProperties={undefined}
              >
                <View
                  onPress={undefined}
                  style={
                    Array [
                      false,
                      false,
                      false,
                      Object {
                        "alignItems": "center",
                        "backgroundColor": "transparent",
                        "justifyContent": "center",
                      },
                      undefined,
                    ]
                  }
                  underlayColor="white"
                >
                  <Text
                    accessible={true}
                    allowFontScaling={false}
                    ellipsizeMode="tail"
                    style={
                      Array [
                        Object {
                          "color": "#bdc6cf",
                          "fontSize": 28,
                        },
                        Array [
                          Object {
                            "backgroundColor": "transparent",
                          },
                          undefined,
                        ],
                        Object {
                          "fontFamily": "Material Icons",
                          "fontStyle": "normal",
                          "fontWeight": "normal",
                        },
                      ]
                    }
                  >
                    
                  </Text>
                </View>
              </View>
            </View>
          </View>
          <View
            style={
              Object {
                "backgroundColor": "#CED0CE",
                "height": 1,
                "marginLeft": "5%",
                "width": "100%",
              }
            }
          />
        </View>
        <View
          onLayout={[Function]}
          style={null}
        >
          <View
            accessibilityComponentType={undefined}
            accessibilityLabel={undefined}
            accessibilityTraits={undefined}
            accessible={true}
            hasTVPreferredFocus={undefined}
            hitSlop={undefined}
            isTVSelectable={true}
            nativeID={undefined}
            onLayout={undefined}
            onResponderGrant={[Function]}
            onResponderMove={[Function]}
            onResponderRelease={[Function]}
            onResponderTerminate={[Function]}
            onResponderTerminationRequest={[Function]}
            onStartShouldSetResponder={[Function]}
            style={
              Array [
                Object {
                  "backgroundColor": "transparent",
                  "borderBottomColor": "#bbb",
                  "borderBottomWidth": 1,
                  "paddingBottom": 10,
                  "paddingRight": 10,
                  "paddingTop": 10,
                },
                Object {
                  "borderBottomWidth": 0,
                },
                false,
                false,
              ]
            }
            testID={undefined}
            tvParallaxProperties={undefined}
          >
            <View
              style={
                Array [
                  Object {
                    "alignItems": "center",
                    "flexDirection": "row",
                    "marginLeft": 10,
                  },
                  undefined,
                ]
              }
            >
              <View
                style={
                  Object {
                    "flex": 1,
                    "justifyContent": "center",
                  }
                }
              >
                <View
                  style={undefined}
                >
                  <Text
                    accessible={true}
                    allowFontScaling={true}
                    ellipsizeMode="tail"
                    numberOfLines={1}
                    style={
                      Array [
                        Object {},
                        undefined,
                        undefined,
                        undefined,
                        undefined,
                        undefined,
                        undefined,
                        undefined,
                        undefined,
                        undefined,
                        Array [
                          Object {
                            "color": "#43484d",
                            "fontSize": 17.5,
                          },
                          Object {
                            "marginLeft": 10,
                          },
                          Object {
                            "fontSize": 30,
                            "paddingBottom": 10,
                            "paddingTop": 10,
                          },
                          undefined,
                        ],
                      ]
                    }
                  >
                    Force
                  </Text>
                </View>
                <View
                  style={undefined}
                >
                  <Text
                    accessible={true}
                    allowFontScaling={true}
                    ellipsizeMode="tail"
                    numberOfLines={1}
                    style={
                      Array [
                        Object {},
                        undefined,
                        undefined,
                        undefined,
                        undefined,
                        undefined,
                        undefined,
                        undefined,
                        undefined,
                        undefined,
                        Array [
                          Object {
                            "color": "#86939e",
                            "fontSize": 15,
                            "fontWeight": "600",
                            "marginTop": 1,
                          },
                          Object {
                            "marginLeft": 10,
                          },
                          Object {
                            "fontSize": 24,
                          },
                          undefined,
                        ],
                      ]
                    }
                  >
                    F = dp * dt / dv
                  </Text>
                </View>
              </View>
              <View
                accessibilityComponentType={undefined}
                accessibilityLabel={undefined}
                accessibilityTraits={undefined}
                accessible={true}
                collapsable={undefined}
                hasTVPreferredFocus={undefined}
                hitSlop={undefined}
                isTVSelectable={true}
                nativeID={undefined}
                onLayout={undefined}
                onResponderGrant={[Function]}
                onResponderMove={[Function]}
                onResponderRelease={[Function]}
                onResponderTerminate={[Function]}
                onResponderTerminationRequest={[Function]}
                onStartShouldSetResponder={[Function]}
                style={
                  Object {
                    "alignItems": "flex-end",
                    "justifyContent": "center",
                    "opacity": 1,
                  }
                }
                testID={undefined}
                tvParallaxProperties={undefined}
              >
                <View
                  onPress={undefined}
                  style={
                    Array [
                      false,
                      false,
                      false,
                      Object {
                        "alignItems": "center",
                        "backgroundColor": "transparent",
                        "justifyContent": "center",
                      },
                      undefined,
                    ]
                  }
                  underlayColor="white"
                >
                  <Text
                    accessible={true}
                    allowFontScaling={false}
                    ellipsizeMode="tail"
                    style={
                      Array [
                        Object {
                          "color": "#bdc6cf",
                          "fontSize": 28,
                        },
                        Array [
                          Object {
                            "backgroundColor": "transparent",
                          },
                          undefined,
                        ],
                        Object {
                          "fontFamily": "Material Icons",
                          "fontStyle": "normal",
                          "fontWeight": "normal",
                        },
                      ]
                    }
                  >
                    
                  </Text>
                </View>
              </View>
            </View>
          </View>
          <View
            style={
              Object {
                "backgroundColor": "#CED0CE",
                "height": 1,
                "marginLeft": "5%",
                "width": "100%",
              }
            }
          />
        </View>
        <View
          onLayout={[Function]}
          style={null}
        >
          <View
            accessibilityComponentType={undefined}
            accessibilityLabel={undefined}
            accessibilityTraits={undefined}
            accessible={true}
            hasTVPreferredFocus={undefined}
            hitSlop={undefined}
            isTVSelectable={true}
            nativeID={undefined}
            onLayout={undefined}
            onResponderGrant={[Function]}
            onResponderMove={[Function]}
            onResponderRelease={[Function]}
            onResponderTerminate={[Function]}
            onResponderTerminationRequest={[Function]}
            onStartShouldSetResponder={[Function]}
            style={
              Array [
                Object {
                  "backgroundColor": "transparent",
                  "borderBottomColor": "#bbb",
                  "borderBottomWidth": 1,
                  "paddingBottom": 10,
                  "paddingRight": 10,
                  "paddingTop": 10,
                },
                Object {
                  "borderBottomWidth": 0,
                },
                false,
                false,
              ]
            }
            testID={undefined}
            tvParallaxProperties={undefined}
          >
            <View
              style={
                Array [
                  Object {
                    "alignItems": "center",
                    "flexDirection": "row",
                    "marginLeft": 10,
                  },
                  undefined,
                ]
              }
            >
              <View
                style={
                  Object {
                    "flex": 1,
                    "justifyContent": "center",
                  }
                }
              >
                <View
                  style={undefined}
                >
                  <Text
                    accessible={true}
                    allowFontScaling={true}
                    ellipsizeMode="tail"
                    numberOfLines={1}
                    style={
                      Array [
                        Object {},
                        undefined,
                        undefined,
                        undefined,
                        undefined,
                        undefined,
                        undefined,
                        undefined,
                        undefined,
                        undefined,
                        Array [
                          Object {
                            "color": "#43484d",
                            "fontSize": 17.5,
                          },
                          Object {
                            "marginLeft": 10,
                          },
                          Object {
                            "fontSize": 30,
                            "paddingBottom": 10,
                            "paddingTop": 10,
                          },
                          undefined,
                        ],
                      ]
                    }
                  >
                    Test1
                  </Text>
                </View>
                <View
                  style={undefined}
                >
                  <Text
                    accessible={true}
                    allowFontScaling={true}
                    ellipsizeMode="tail"
                    numberOfLines={1}
                    style={
                      Array [
                        Object {},
                        undefined,
                        undefined,
                        undefined,
                        undefined,
                        undefined,
                        undefined,
                        undefined,
                        undefined,
                        undefined,
                        Array [
                          Object {
                            "color": "#86939e",
                            "fontSize": 15,
                            "fontWeight": "600",
                            "marginTop": 1,
                          },
                          Object {
                            "marginLeft": 10,
                          },
                          Object {
                            "fontSize": 24,
                          },
                          undefined,
                        ],
                      ]
                    }
                  >
                    E = m + c - t
                  </Text>
                </View>
              </View>
              <View
                accessibilityComponentType={undefined}
                accessibilityLabel={undefined}
                accessibilityTraits={undefined}
                accessible={true}
                collapsable={undefined}
                hasTVPreferredFocus={undefined}
                hitSlop={undefined}
                isTVSelectable={true}
                nativeID={undefined}
                onLayout={undefined}
                onResponderGrant={[Function]}
                onResponderMove={[Function]}
                onResponderRelease={[Function]}
                onResponderTerminate={[Function]}
                onResponderTerminationRequest={[Function]}
                onStartShouldSetResponder={[Function]}
                style={
                  Object {
                    "alignItems": "flex-end",
                    "justifyContent": "center",
                    "opacity": 1,
                  }
                }
                testID={undefined}
                tvParallaxProperties={undefined}
              >
                <View
                  onPress={undefined}
                  style={
                    Array [
                      false,
                      false,
                      false,
                      Object {
                        "alignItems": "center",
                        "backgroundColor": "transparent",
                        "justifyContent": "center",
                      },
                      undefined,
                    ]
                  }
                  underlayColor="white"
                >
                  <Text
                    accessible={true}
                    allowFontScaling={false}
                    ellipsizeMode="tail"
                    style={
                      Array [
                        Object {
                          "color": "#bdc6cf",
                          "fontSize": 28,
                        },
                        Array [
                          Object {
                            "backgroundColor": "transparent",
                          },
                          undefined,
                        ],
                        Object {
                          "fontFamily": "Material Icons",
                          "fontStyle": "normal",
                          "fontWeight": "normal",
                        },
                      ]
                    }
                  >
                    
                  </Text>
                </View>
              </View>
            </View>
          </View>
          <View
            style={
              Object {
                "backgroundColor": "#CED0CE",
                "height": 1,
                "marginLeft": "5%",
                "width": "100%",
              }
            }
          />
        </View>
        <View
          onLayout={[Function]}
          style={null}
        >
          <View
            accessibilityComponentType={undefined}
            accessibilityLabel={undefined}
            accessibilityTraits={undefined}
            accessible={true}
            hasTVPreferredFocus={undefined}
            hitSlop={undefined}
            isTVSelectable={true}
            nativeID={undefined}
            onLayout={undefined}
            onResponderGrant={[Function]}
            onResponderMove={[Function]}
            onResponderRelease={[Function]}
            onResponderTerminate={[Function]}
            onResponderTerminationRequest={[Function]}
            onStartShouldSetResponder={[Function]}
            style={
              Array [
                Object {
                  "backgroundColor": "transparent",
                  "borderBottomColor": "#bbb",
                  "borderBottomWidth": 1,
                  "paddingBottom": 10,
                  "paddingRight": 10,
                  "paddingTop": 10,
                },
                Object {
                  "borderBottomWidth": 0,
                },
                false,
                false,
              ]
            }
            testID={undefined}
            tvParallaxProperties={undefined}
          >
            <View
              style={
                Array [
                  Object {
                    "alignItems": "center",
                    "flexDirection": "row",
                    "marginLeft": 10,
                  },
                  undefined,
                ]
              }
            >
              <View
                style={
                  Object {
                    "flex": 1,
                    "justifyContent": "center",
                  }
                }
              >
                <View
                  style={undefined}
                >
                  <Text
                    accessible={true}
                    allowFontScaling={true}
                    ellipsizeMode="tail"
                    numberOfLines={1}
                    style={
                      Array [
                        Object {},
                        undefined,
                        undefined,
                        undefined,
                        undefined,
                        undefined,
                        undefined,
                        undefined,
                        undefined,
                        undefined,
                        Array [
                          Object {
                            "color": "#43484d",
                            "fontSize": 17.5,
                          },
                          Object {
                            "marginLeft": 10,
                          },
                          Object {
                            "fontSize": 30,
                            "paddingBottom": 10,
                            "paddingTop": 10,
                          },
                          undefined,
                        ],
                      ]
                    }
                  >
                    Test2
                  </Text>
                </View>
                <View
                  style={undefined}
                >
                  <Text
                    accessible={true}
                    allowFontScaling={true}
                    ellipsizeMode="tail"
                    numberOfLines={1}
                    style={
                      Array [
                        Object {},
                        undefined,
                        undefined,
                        undefined,
                        undefined,
                        undefined,
                        undefined,
                        undefined,
                        undefined,
                        undefined,
                        Array [
                          Object {
                            "color": "#86939e",
                            "fontSize": 15,
                            "fontWeight": "600",
                            "marginTop": 1,
                          },
                          Object {
                            "marginLeft": 10,
                          },
                          Object {
                            "fontSize": 24,
                          },
                          undefined,
                        ],
                      ]
                    }
                  >
                    E = m * 2
                  </Text>
                </View>
              </View>
              <View
                accessibilityComponentType={undefined}
                accessibilityLabel={undefined}
                accessibilityTraits={undefined}
                accessible={true}
                collapsable={undefined}
                hasTVPreferredFocus={undefined}
                hitSlop={undefined}
                isTVSelectable={true}
                nativeID={undefined}
                onLayout={undefined}
                onResponderGrant={[Function]}
                onResponderMove={[Function]}
                onResponderRelease={[Function]}
                onResponderTerminate={[Function]}
                onResponderTerminationRequest={[Function]}
                onStartShouldSetResponder={[Function]}
                style={
                  Object {
                    "alignItems": "flex-end",
                    "justifyContent": "center",
                    "opacity": 1,
                  }
                }
                testID={undefined}
                tvParallaxProperties={undefined}
              >
                <View
                  onPress={undefined}
                  style={
                    Array [
                      false,
                      false,
                      false,
                      Object {
                        "alignItems": "center",
                        "backgroundColor": "transparent",
                        "justifyContent": "center",
                      },
                      undefined,
                    ]
                  }
                  underlayColor="white"
                >
                  <Text
                    accessible={true}
                    allowFontScaling={false}
                    ellipsizeMode="tail"
                    style={
                      Array [
                        Object {
                          "color": "#bdc6cf",
                          "fontSize": 28,
                        },
                        Array [
                          Object {
                            "backgroundColor": "transparent",
                          },
                          undefined,
                        ],
                        Object {
                          "fontFamily": "Material Icons",
                          "fontStyle": "normal",
                          "fontWeight": "normal",
                        },
                      ]
                    }
                  >
                    
                  </Text>
                </View>
              </View>
            </View>
          </View>
        </View>
      </View>
    </RCTScrollView>
  </View>
</View>
`;
